I'm sorry, but errors were detected in your script. Please correct the
errors listed below, and try again.


File "game/CoWorker.rpy", line 40: end of line expected.
    attribute_fuction Picker(["angry head_angry right_arm_hips"])
    ^

Ren'Py Version: Ren'Py 7.0.0.196
Mon Aug 13 19:46:33 2018
